1 diff_coffs(1,1)
2 diff_coffs(1,2)
3 diff_coffs(1,3)
4 diff_coffs(1,4)
5 diff_coffs(1,5)
6 diff_coffs(1,6)
7 diff_coffs(1,7)
8 diff_coffs(1,8)
9 diff_coffs(1,9)
10 diff_coffs(1,10)
11 diff_coffs(1,11)
12 diff_coffs(1,12)
13 diff_coffs(1,13)
14 diff_coffs(1,14)
15 diff_coffs(2,1)
16 diff_coffs(2,2)
17 diff_coffs(2,3)
18 diff_coffs(2,4)
19 diff_coffs(2,5)
20 diff_coffs(2,6)
21 diff_coffs(2,7)
22 diff_coffs(2,8)
23 diff_coffs(2,9)
24 diff_coffs(2,10)
25 diff_coffs(2,11)
26 diff_coffs(2,12)
27 diff_coffs(2,13)
28 diff_coffs(2,14)
29 diff_coffs(3,1)
30 diff_coffs(3,2)
31 diff_coffs(3,3)
32 diff_coffs(3,4)
33 diff_coffs(3,5)
34 diff_coffs(3,6)
35 diff_coffs(3,7)
36 diff_coffs(3,8)
37 diff_coffs(3,9)
38 diff_coffs(3,10)
39 diff_coffs(3,11)
40 diff_coffs(3,12)
41 diff_coffs(3,13)
42 diff_coffs(3,14)
43 diff_coffs(4,1)
44 diff_coffs(4,2)
45 diff_coffs(4,3)
46 diff_coffs(4,4)
47 diff_coffs(4,5)
48 diff_coffs(4,6)
49 diff_coffs(4,7)
50 diff_coffs(4,8)
51 diff_coffs(4,9)
52 diff_coffs(4,10)
53 diff_coffs(4,11)
54 diff_coffs(4,12)
55 diff_coffs(4,13)
56 diff_coffs(4,14)
57 region_rec_diffs(1,1)
58 region_rec_diffs(1,2)
59 region_rec_diffs(1,3)
60 region_rec_diffs(1,4)
61 region_rec_diffs(1,5)
62 region_rec_diffs(1,6)
63 region_rec_diffs(1,7)
64 region_rec_diffs(1,8)
65 region_rec_diffs(1,9)
66 region_rec_diffs(1,10)
67 region_rec_diffs(1,11)
68 region_rec_diffs(1,12)
69 region_rec_diffs(1,13)
70 region_rec_diffs(1,14)
71 region_rec_diffs(1,15)
72 region_rec_diffs(1,16)
73 region_rec_diffs(1,17)
74 region_rec_diffs(1,18)
75 region_rec_diffs(1,19)
76 region_rec_diffs(1,20)
77 region_rec_diffs(1,21)
78 region_rec_diffs(1,22)
79 region_rec_diffs(1,23)
80 region_rec_diffs(1,24)
81 region_rec_diffs(1,25)
82 region_rec_diffs(1,26)
83 region_rec_diffs(1,27)
84 region_rec_diffs(1,28)
85 region_rec_diffs(1,29)
86 region_rec_diffs(1,30)
87 region_rec_diffs(1,31)
88 region_rec_diffs(1,32)
89 region_rec_diffs(1,33)
90 region_rec_diffs(1,34)
91 region_rec_diffs(1,35)
92 region_rec_diffs(1,36)
93 region_rec_diffs(1,37)
94 region_rec_diffs(1,38)
95 region_rec_diffs(1,39)
96 region_rec_diffs(1,40)
97 region_rec_diffs(1,41)
98 region_rec_diffs(1,42)
99 region_rec_diffs(1,43)
100 region_rec_diffs(1,44)
101 region_rec_diffs(1,45)
102 region_rec_diffs(1,46)
103 region_rec_diffs(1,47)
104 region_rec_diffs(1,48)
105 region_rec_diffs(1,49)
106 region_rec_diffs(1,50)
107 region_rec_diffs(1,51)
108 region_rec_diffs(1,52)
109 region_rec_diffs(1,53)
110 region_rec_diffs(1,54)
111 region_rec_diffs(1,55)
112 region_rec_diffs(1,56)
113 region_rec_diffs(1,57)
114 region_rec_diffs(1,58)
115 region_rec_diffs(1,59)
116 region_rec_diffs(1,60)
117 region_rec_diffs(1,61)
118 region_rec_diffs(1,62)
119 region_rec_diffs(1,63)
120 region_rec_diffs(1,64)
121 region_rec_diffs(1,65)
122 region_rec_diffs(1,66)
123 region_rec_diffs(1,67)
124 region_rec_diffs(1,68)
125 region_rec_diffs(1,69)
126 region_rec_diffs(1,70)
127 region_rec_diffs(1,71)
128 region_rec_diffs(1,72)
129 region_rec_diffs(1,73)
130 region_rec_diffs(1,74)
131 region_rec_diffs(1,75)
132 region_rec_diffs(1,76)
133 region_rec_diffs(1,77)
134 region_rec_diffs(1,78)
135 region_rec_diffs(1,79)
136 region_rec_diffs(1,80)
137 region_rec_diffs(1,81)
138 region_rec_diffs(1,82)
139 region_rec_diffs(1,83)
140 region_rec_diffs(1,84)
141 region_rec_diffs(1,85)
142 region_rec_diffs(1,86)
143 region_rec_diffs(1,87)
144 region_rec_diffs(1,88)
145 region_rec_diffs(1,89)
146 region_rec_diffs(1,90)
147 region_rec_diffs(1,91)
148 region_rec_diffs(1,92)
149 region_rec_diffs(1,93)
150 region_rec_diffs(1,94)
151 region_rec_diffs(1,95)
152 region_rec_diffs(1,96)
153 region_rec_diffs(1,97)
154 region_rec_diffs(1,98)
155 region_rec_diffs(1,99)
156 region_rec_diffs(1,100)
157 region_rec_diffs(1,101)
158 region_rec_diffs(1,102)
159 region_rec_diffs(1,103)
160 region_rec_diffs(1,104)
161 region_rec_diffs(1,105)
162 region_rec_diffs(1,106)
163 region_rec_diffs(1,107)
164 region_rec_diffs(1,108)
165 region_rec_diffs(1,109)
166 region_rec_diffs(1,110)
167 region_rec_diffs(1,111)
168 region_rec_diffs(1,112)
169 region_rec_diffs(1,113)
170 region_rec_diffs(1,114)
171 region_rec_diffs(1,115)
172 region_rec_diffs(1,116)
173 region_rec_diffs(1,117)
174 region_rec_diffs(1,118)
175 region_rec_diffs(1,119)
176 region_rec_diffs(1,120)
177 region_rec_diffs(1,121)
178 region_rec_diffs(1,122)
179 region_rec_diffs(1,123)
180 region_rec_diffs(1,124)
181 region_rec_diffs(1,125)
182 region_rec_diffs(1,126)
183 region_rec_diffs(1,127)
184 region_rec_diffs(1,128)
185 region_rec_diffs(1,129)
186 region_rec_diffs(1,130)
187 region_rec_diffs(1,131)
188 region_rec_diffs(1,132)
189 region_rec_diffs(1,133)
190 region_rec_diffs(1,134)
191 region_rec_diffs(1,135)
192 region_rec_diffs(1,136)
193 region_rec_diffs(1,137)
194 region_rec_diffs(1,138)
195 region_rec_diffs(1,139)
196 region_rec_diffs(1,140)
197 region_rec_diffs(1,141)
198 region_rec_diffs(1,142)
199 region_rec_diffs(1,143)
200 region_rec_diffs(1,144)
201 region_rec_diffs(1,145)
202 region_rec_diffs(1,146)
203 region_rec_diffs(1,147)
204 region_rec_diffs(1,148)
205 region_rec_diffs(1,149)
206 region_rec_diffs(1,150)
207 region_rec_diffs(1,151)
208 region_rec_diffs(1,152)
209 region_rec_diffs(1,153)
210 region_rec_diffs(1,154)
211 region_rec_diffs(1,155)
212 region_rec_diffs(1,156)
213 region_rec_diffs(1,157)
214 region_rec_diffs(1,158)
215 region_rec_diffs(1,159)
216 region_rec_diffs(1,160)
217 region_rec_diffs(1,161)
218 region_rec_diffs(1,162)
219 region_rec_diffs(1,163)
220 region_rec_diffs(1,164)
221 region_rec_diffs(1,165)
222 region_rec_diffs(1,166)
223 region_rec_diffs(1,167)
224 region_rec_diffs(1,168)
225 region_rec_diffs(1,169)
226 region_rec_diffs(1,170)
227 region_rec_diffs(1,171)
228 region_rec_diffs(1,172)
229 region_rec_diffs(1,173)
230 region_rec_diffs(1,174)
231 region_rec_diffs(1,175)
232 region_rec_diffs(1,176)
233 region_rec_diffs(1,177)
234 region_rec_diffs(1,178)
235 region_rec_diffs(1,179)
236 region_rec_diffs(1,180)
237 region_rec_diffs(1,181)
238 region_rec_diffs(1,182)
239 region_rec_diffs(1,183)
240 region_rec_diffs(1,184)
241 region_rec_diffs(1,185)
242 region_rec_diffs(1,186)
243 region_rec_diffs(1,187)
244 region_rec_diffs(1,188)
245 region_rec_diffs(1,189)
246 region_rec_diffs(1,190)
247 region_rec_diffs(1,191)
248 region_rec_diffs(1,192)
249 region_rec_diffs(1,193)
250 region_rec_diffs(1,194)
251 region_rec_diffs(1,195)
252 region_rec_diffs(1,196)
253 region_rec_diffs(1,197)
254 region_rec_diffs(1,198)
255 region_rec_diffs(1,199)
256 region_rec_diffs(1,200)
257 region_rec_diffs(1,201)
258 region_rec_diffs(1,202)
259 region_rec_diffs(1,203)
260 region_rec_diffs(1,204)
261 region_rec_diffs(1,205)
262 region_rec_diffs(1,206)
263 region_rec_diffs(1,207)
264 region_rec_diffs(1,208)
265 region_rec_diffs(1,209)
266 region_rec_diffs(1,210)
267 region_rec_diffs(1,211)
268 region_rec_diffs(1,212)
269 region_rec_diffs(1,213)
270 region_rec_diffs(1,214)
271 region_rec_diffs(1,215)
272 region_rec_diffs(1,216)
273 region_rec_diffs(1,217)
274 region_rec_diffs(1,218)
275 region_rec_diffs(1,219)
276 region_rec_diffs(1,220)
277 region_rec_diffs(1,221)
278 region_rec_diffs(1,222)
279 region_rec_diffs(1,223)
280 region_rec_diffs(1,224)
281 region_rec_diffs(1,225)
282 region_rec_diffs(1,226)
283 region_rec_diffs(1,227)
284 region_rec_diffs(1,228)
285 region_rec_diffs(1,229)
286 region_rec_diffs(1,230)
287 region_rec_diffs(1,231)
288 region_rec_diffs(1,232)
289 region_rec_diffs(1,233)
290 region_rec_diffs(1,234)
291 region_rec_diffs(1,235)
292 region_rec_diffs(1,236)
293 region_rec_diffs(1,237)
294 region_rec_diffs(1,238)
295 region_rec_diffs(1,239)
296 region_rec_diffs(1,240)
297 region_rec_diffs(1,241)
298 region_rec_diffs(1,242)
299 region_rec_diffs(1,243)
300 region_rec_diffs(1,244)
301 region_rec_diffs(1,245)
302 region_rec_diffs(1,246)
303 region_rec_diffs(1,247)
304 region_rec_diffs(1,248)
305 region_rec_diffs(1,249)
306 region_rec_diffs(1,250)
307 region_rec_diffs(1,251)
308 region_rec_diffs(1,252)
309 region_rec_diffs(1,253)
310 region_rec_diffs(1,254)
311 region_rec_diffs(1,255)
312 region_rec_diffs(1,256)
313 region_rec_diffs(1,257)
314 region_rec_diffs(1,258)
315 region_rec_diffs(1,259)
316 region_rec_diffs(1,260)
317 region_rec_diffs(1,261)
318 region_rec_diffs(1,262)
319 region_rec_diffs(1,263)
320 region_rec_diffs(1,264)
321 region_rec_diffs(1,265)
322 region_rec_diffs(1,266)
323 region_rec_diffs(1,267)
324 region_rec_diffs(1,268)
325 region_rec_diffs(1,269)
326 region_rec_diffs(1,270)
327 region_rec_diffs(1,271)
328 region_rec_diffs(1,272)
329 region_rec_diffs(1,273)
330 region_rec_diffs(1,274)
331 region_rec_diffs(1,275)
332 region_rec_diffs(1,276)
333 region_rec_diffs(1,277)
334 region_rec_diffs(1,278)
335 region_rec_diffs(1,279)
336 region_rec_diffs(1,280)
337 region_rec_diffs(1,281)
338 region_rec_diffs(1,282)
339 region_rec_diffs(1,283)
340 region_rec_diffs(1,284)
341 region_rec_diffs(1,285)
342 region_rec_diffs(1,286)
343 region_rec_diffs(1,287)
344 region_rec_diffs(1,288)
345 region_rec_diffs(1,289)
346 region_rec_diffs(1,290)
347 region_rec_diffs(1,291)
348 region_rec_diffs(2,1)
349 region_rec_diffs(2,2)
350 region_rec_diffs(2,3)
351 region_rec_diffs(2,4)
352 region_rec_diffs(2,5)
353 region_rec_diffs(2,6)
354 region_rec_diffs(2,7)
355 region_rec_diffs(2,8)
356 region_rec_diffs(2,9)
357 region_rec_diffs(2,10)
358 region_rec_diffs(2,11)
359 region_rec_diffs(2,12)
360 region_rec_diffs(2,13)
361 region_rec_diffs(2,14)
362 region_rec_diffs(2,15)
363 region_rec_diffs(2,16)
364 region_rec_diffs(2,17)
365 region_rec_diffs(2,18)
366 region_rec_diffs(2,19)
367 region_rec_diffs(2,20)
368 region_rec_diffs(2,21)
369 region_rec_diffs(2,22)
370 region_rec_diffs(2,23)
371 region_rec_diffs(2,24)
372 region_rec_diffs(2,25)
373 region_rec_diffs(2,26)
374 region_rec_diffs(2,27)
375 region_rec_diffs(2,28)
376 region_rec_diffs(2,29)
377 region_rec_diffs(2,30)
378 region_rec_diffs(2,31)
379 region_rec_diffs(2,32)
380 region_rec_diffs(2,33)
381 region_rec_diffs(2,34)
382 region_rec_diffs(2,35)
383 region_rec_diffs(2,36)
384 region_rec_diffs(2,37)
385 region_rec_diffs(2,38)
386 region_rec_diffs(2,39)
387 region_rec_diffs(2,40)
388 region_rec_diffs(2,41)
389 region_rec_diffs(2,42)
390 region_rec_diffs(2,43)
391 region_rec_diffs(2,44)
392 region_rec_diffs(2,45)
393 region_rec_diffs(2,46)
394 region_rec_diffs(2,47)
395 region_rec_diffs(2,48)
396 region_rec_diffs(2,49)
397 region_rec_diffs(2,50)
398 region_rec_diffs(2,51)
399 region_rec_diffs(2,52)
400 region_rec_diffs(2,53)
401 region_rec_diffs(2,54)
402 region_rec_diffs(2,55)
403 region_rec_diffs(2,56)
404 region_rec_diffs(2,57)
405 region_rec_diffs(2,58)
406 region_rec_diffs(2,59)
407 region_rec_diffs(2,60)
408 region_rec_diffs(2,61)
409 region_rec_diffs(2,62)
410 region_rec_diffs(2,63)
411 region_rec_diffs(2,64)
412 region_rec_diffs(2,65)
413 region_rec_diffs(2,66)
414 region_rec_diffs(2,67)
415 region_rec_diffs(2,68)
416 region_rec_diffs(2,69)
417 region_rec_diffs(2,70)
418 region_rec_diffs(2,71)
419 region_rec_diffs(2,72)
420 region_rec_diffs(2,73)
421 region_rec_diffs(2,74)
422 region_rec_diffs(2,75)
423 region_rec_diffs(2,76)
424 region_rec_diffs(2,77)
425 region_rec_diffs(2,78)
426 region_rec_diffs(2,79)
427 region_rec_diffs(2,80)
428 region_rec_diffs(2,81)
429 region_rec_diffs(2,82)
430 region_rec_diffs(2,83)
431 region_rec_diffs(2,84)
432 region_rec_diffs(2,85)
433 region_rec_diffs(2,86)
434 region_rec_diffs(2,87)
435 region_rec_diffs(2,88)
436 region_rec_diffs(2,89)
437 region_rec_diffs(2,90)
438 region_rec_diffs(2,91)
439 region_rec_diffs(2,92)
440 region_rec_diffs(2,93)
441 region_rec_diffs(2,94)
442 region_rec_diffs(2,95)
443 region_rec_diffs(2,96)
444 region_rec_diffs(2,97)
445 region_rec_diffs(2,98)
446 region_rec_diffs(2,99)
447 region_rec_diffs(2,100)
448 region_rec_diffs(2,101)
449 region_rec_diffs(2,102)
450 region_rec_diffs(2,103)
451 region_rec_diffs(2,104)
452 region_rec_diffs(2,105)
453 region_rec_diffs(2,106)
454 region_rec_diffs(2,107)
455 region_rec_diffs(2,108)
456 region_rec_diffs(2,109)
457 region_rec_diffs(2,110)
458 region_rec_diffs(2,111)
459 region_rec_diffs(2,112)
460 region_rec_diffs(2,113)
461 region_rec_diffs(2,114)
462 region_rec_diffs(2,115)
463 region_rec_diffs(2,116)
464 region_rec_diffs(2,117)
465 region_rec_diffs(2,118)
466 region_rec_diffs(2,119)
467 region_rec_diffs(2,120)
468 region_rec_diffs(2,121)
469 region_rec_diffs(2,122)
470 region_rec_diffs(2,123)
471 region_rec_diffs(2,124)
472 region_rec_diffs(2,125)
473 region_rec_diffs(2,126)
474 region_rec_diffs(2,127)
475 region_rec_diffs(2,128)
476 region_rec_diffs(2,129)
477 region_rec_diffs(2,130)
478 region_rec_diffs(2,131)
479 region_rec_diffs(2,132)
480 region_rec_diffs(2,133)
481 region_rec_diffs(2,134)
482 region_rec_diffs(2,135)
483 region_rec_diffs(2,136)
484 region_rec_diffs(2,137)
485 region_rec_diffs(2,138)
486 region_rec_diffs(2,139)
487 region_rec_diffs(2,140)
488 region_rec_diffs(2,141)
489 region_rec_diffs(2,142)
490 region_rec_diffs(2,143)
491 region_rec_diffs(2,144)
492 region_rec_diffs(2,145)
493 region_rec_diffs(2,146)
494 region_rec_diffs(2,147)
495 region_rec_diffs(2,148)
496 region_rec_diffs(2,149)
497 region_rec_diffs(2,150)
498 region_rec_diffs(2,151)
499 region_rec_diffs(2,152)
500 region_rec_diffs(2,153)
501 region_rec_diffs(2,154)
502 region_rec_diffs(2,155)
503 region_rec_diffs(2,156)
504 region_rec_diffs(2,157)
505 region_rec_diffs(2,158)
506 region_rec_diffs(2,159)
507 region_rec_diffs(2,160)
508 region_rec_diffs(2,161)
509 region_rec_diffs(2,162)
510 region_rec_diffs(2,163)
511 region_rec_diffs(2,164)
512 region_rec_diffs(2,165)
513 region_rec_diffs(2,166)
514 region_rec_diffs(2,167)
515 region_rec_diffs(2,168)
516 region_rec_diffs(2,169)
517 region_rec_diffs(2,170)
518 region_rec_diffs(2,171)
519 region_rec_diffs(2,172)
520 region_rec_diffs(2,173)
521 region_rec_diffs(2,174)
522 region_rec_diffs(2,175)
523 region_rec_diffs(2,176)
524 region_rec_diffs(2,177)
525 region_rec_diffs(2,178)
526 region_rec_diffs(2,179)
527 region_rec_diffs(2,180)
528 region_rec_diffs(2,181)
529 region_rec_diffs(2,182)
530 region_rec_diffs(2,183)
531 region_rec_diffs(2,184)
532 region_rec_diffs(2,185)
533 region_rec_diffs(2,186)
534 region_rec_diffs(2,187)
535 region_rec_diffs(2,188)
536 region_rec_diffs(2,189)
537 region_rec_diffs(2,190)
538 region_rec_diffs(2,191)
539 region_rec_diffs(2,192)
540 region_rec_diffs(2,193)
541 region_rec_diffs(2,194)
542 region_rec_diffs(2,195)
543 region_rec_diffs(2,196)
544 region_rec_diffs(2,197)
545 region_rec_diffs(2,198)
546 region_rec_diffs(2,199)
547 region_rec_diffs(2,200)
548 region_rec_diffs(2,201)
549 region_rec_diffs(2,202)
550 region_rec_diffs(2,203)
551 region_rec_diffs(2,204)
552 region_rec_diffs(2,205)
553 region_rec_diffs(2,206)
554 region_rec_diffs(2,207)
555 region_rec_diffs(2,208)
556 region_rec_diffs(2,209)
557 region_rec_diffs(2,210)
558 region_rec_diffs(2,211)
559 region_rec_diffs(2,212)
560 region_rec_diffs(2,213)
561 region_rec_diffs(2,214)
562 region_rec_diffs(2,215)
563 region_rec_diffs(2,216)
564 region_rec_diffs(2,217)
565 region_rec_diffs(2,218)
566 region_rec_diffs(2,219)
567 region_rec_diffs(2,220)
568 region_rec_diffs(2,221)
569 region_rec_diffs(2,222)
570 region_rec_diffs(2,223)
571 region_rec_diffs(2,224)
572 region_rec_diffs(2,225)
573 region_rec_diffs(2,226)
574 region_rec_diffs(2,227)
575 region_rec_diffs(2,228)
576 region_rec_diffs(2,229)
577 region_rec_diffs(2,230)
578 region_rec_diffs(2,231)
579 region_rec_diffs(2,232)
580 region_rec_diffs(2,233)
581 region_rec_diffs(2,234)
582 region_rec_diffs(2,235)
583 region_rec_diffs(2,236)
584 region_rec_diffs(2,237)
585 region_rec_diffs(2,238)
586 region_rec_diffs(2,239)
587 region_rec_diffs(2,240)
588 region_rec_diffs(2,241)
589 region_rec_diffs(2,242)
590 region_rec_diffs(2,243)
591 region_rec_diffs(2,244)
592 region_rec_diffs(2,245)
593 region_rec_diffs(2,246)
594 region_rec_diffs(2,247)
595 region_rec_diffs(2,248)
596 region_rec_diffs(2,249)
597 region_rec_diffs(2,250)
598 region_rec_diffs(2,251)
599 region_rec_diffs(2,252)
600 region_rec_diffs(2,253)
601 region_rec_diffs(2,254)
602 region_rec_diffs(2,255)
603 region_rec_diffs(2,256)
604 region_rec_diffs(2,257)
605 region_rec_diffs(2,258)
606 region_rec_diffs(2,259)
607 region_rec_diffs(2,260)
608 region_rec_diffs(2,261)
609 region_rec_diffs(2,262)
610 region_rec_diffs(2,263)
611 region_rec_diffs(2,264)
612 region_rec_diffs(2,265)
613 region_rec_diffs(2,266)
614 region_rec_diffs(2,267)
615 region_rec_diffs(2,268)
616 region_rec_diffs(2,269)
617 region_rec_diffs(2,270)
618 region_rec_diffs(2,271)
619 region_rec_diffs(2,272)
620 region_rec_diffs(2,273)
621 region_rec_diffs(2,274)
622 region_rec_diffs(2,275)
623 region_rec_diffs(2,276)
624 region_rec_diffs(2,277)
625 region_rec_diffs(2,278)
626 region_rec_diffs(2,279)
627 region_rec_diffs(2,280)
628 region_rec_diffs(2,281)
629 region_rec_diffs(2,282)
630 region_rec_diffs(2,283)
631 region_rec_diffs(2,284)
632 region_rec_diffs(2,285)
633 region_rec_diffs(2,286)
634 region_rec_diffs(2,287)
635 region_rec_diffs(2,288)
636 region_rec_diffs(2,289)
637 region_rec_diffs(2,290)
638 region_rec_diffs(2,291)
639 region_rec_diffs(3,1)
640 region_rec_diffs(3,2)
641 region_rec_diffs(3,3)
642 region_rec_diffs(3,4)
643 region_rec_diffs(3,5)
644 region_rec_diffs(3,6)
645 region_rec_diffs(3,7)
646 region_rec_diffs(3,8)
647 region_rec_diffs(3,9)
648 region_rec_diffs(3,10)
649 region_rec_diffs(3,11)
650 region_rec_diffs(3,12)
651 region_rec_diffs(3,13)
652 region_rec_diffs(3,14)
653 region_rec_diffs(3,15)
654 region_rec_diffs(3,16)
655 region_rec_diffs(3,17)
656 region_rec_diffs(3,18)
657 region_rec_diffs(3,19)
658 region_rec_diffs(3,20)
659 region_rec_diffs(3,21)
660 region_rec_diffs(3,22)
661 region_rec_diffs(3,23)
662 region_rec_diffs(3,24)
663 region_rec_diffs(3,25)
664 region_rec_diffs(3,26)
665 region_rec_diffs(3,27)
666 region_rec_diffs(3,28)
667 region_rec_diffs(3,29)
668 region_rec_diffs(3,30)
669 region_rec_diffs(3,31)
670 region_rec_diffs(3,32)
671 region_rec_diffs(3,33)
672 region_rec_diffs(3,34)
673 region_rec_diffs(3,35)
674 region_rec_diffs(3,36)
675 region_rec_diffs(3,37)
676 region_rec_diffs(3,38)
677 region_rec_diffs(3,39)
678 region_rec_diffs(3,40)
679 region_rec_diffs(3,41)
680 region_rec_diffs(3,42)
681 region_rec_diffs(3,43)
682 region_rec_diffs(3,44)
683 region_rec_diffs(3,45)
684 region_rec_diffs(3,46)
685 region_rec_diffs(3,47)
686 region_rec_diffs(3,48)
687 region_rec_diffs(3,49)
688 region_rec_diffs(3,50)
689 region_rec_diffs(3,51)
690 region_rec_diffs(3,52)
691 region_rec_diffs(3,53)
692 region_rec_diffs(3,54)
693 region_rec_diffs(3,55)
694 region_rec_diffs(3,56)
695 region_rec_diffs(3,57)
696 region_rec_diffs(3,58)
697 region_rec_diffs(3,59)
698 region_rec_diffs(3,60)
699 region_rec_diffs(3,61)
700 region_rec_diffs(3,62)
701 region_rec_diffs(3,63)
702 region_rec_diffs(3,64)
703 region_rec_diffs(3,65)
704 region_rec_diffs(3,66)
705 region_rec_diffs(3,67)
706 region_rec_diffs(3,68)
707 region_rec_diffs(3,69)
708 region_rec_diffs(3,70)
709 region_rec_diffs(3,71)
710 region_rec_diffs(3,72)
711 region_rec_diffs(3,73)
712 region_rec_diffs(3,74)
713 region_rec_diffs(3,75)
714 region_rec_diffs(3,76)
715 region_rec_diffs(3,77)
716 region_rec_diffs(3,78)
717 region_rec_diffs(3,79)
718 region_rec_diffs(3,80)
719 region_rec_diffs(3,81)
720 region_rec_diffs(3,82)
721 region_rec_diffs(3,83)
722 region_rec_diffs(3,84)
723 region_rec_diffs(3,85)
724 region_rec_diffs(3,86)
725 region_rec_diffs(3,87)
726 region_rec_diffs(3,88)
727 region_rec_diffs(3,89)
728 region_rec_diffs(3,90)
729 region_rec_diffs(3,91)
730 region_rec_diffs(3,92)
731 region_rec_diffs(3,93)
732 region_rec_diffs(3,94)
733 region_rec_diffs(3,95)
734 region_rec_diffs(3,96)
735 region_rec_diffs(3,97)
736 region_rec_diffs(3,98)
737 region_rec_diffs(3,99)
738 region_rec_diffs(3,100)
739 region_rec_diffs(3,101)
740 region_rec_diffs(3,102)
741 region_rec_diffs(3,103)
742 region_rec_diffs(3,104)
743 region_rec_diffs(3,105)
744 region_rec_diffs(3,106)
745 region_rec_diffs(3,107)
746 region_rec_diffs(3,108)
747 region_rec_diffs(3,109)
748 region_rec_diffs(3,110)
749 region_rec_diffs(3,111)
750 region_rec_diffs(3,112)
751 region_rec_diffs(3,113)
752 region_rec_diffs(3,114)
753 region_rec_diffs(3,115)
754 region_rec_diffs(3,116)
755 region_rec_diffs(3,117)
756 region_rec_diffs(3,118)
757 region_rec_diffs(3,119)
758 region_rec_diffs(3,120)
759 region_rec_diffs(3,121)
760 region_rec_diffs(3,122)
761 region_rec_diffs(3,123)
762 region_rec_diffs(3,124)
763 region_rec_diffs(3,125)
764 region_rec_diffs(3,126)
765 region_rec_diffs(3,127)
766 region_rec_diffs(3,128)
767 region_rec_diffs(3,129)
768 region_rec_diffs(3,130)
769 region_rec_diffs(3,131)
770 region_rec_diffs(3,132)
771 region_rec_diffs(3,133)
772 region_rec_diffs(3,134)
773 region_rec_diffs(3,135)
774 region_rec_diffs(3,136)
775 region_rec_diffs(3,137)
776 region_rec_diffs(3,138)
777 region_rec_diffs(3,139)
778 region_rec_diffs(3,140)
779 region_rec_diffs(3,141)
780 region_rec_diffs(3,142)
781 region_rec_diffs(3,143)
782 region_rec_diffs(3,144)
783 region_rec_diffs(3,145)
784 region_rec_diffs(3,146)
785 region_rec_diffs(3,147)
786 region_rec_diffs(3,148)
787 region_rec_diffs(3,149)
788 region_rec_diffs(3,150)
789 region_rec_diffs(3,151)
790 region_rec_diffs(3,152)
791 region_rec_diffs(3,153)
792 region_rec_diffs(3,154)
793 region_rec_diffs(3,155)
794 region_rec_diffs(3,156)
795 region_rec_diffs(3,157)
796 region_rec_diffs(3,158)
797 region_rec_diffs(3,159)
798 region_rec_diffs(3,160)
799 region_rec_diffs(3,161)
800 region_rec_diffs(3,162)
801 region_rec_diffs(3,163)
802 region_rec_diffs(3,164)
803 region_rec_diffs(3,165)
804 region_rec_diffs(3,166)
805 region_rec_diffs(3,167)
806 region_rec_diffs(3,168)
807 region_rec_diffs(3,169)
808 region_rec_diffs(3,170)
809 region_rec_diffs(3,171)
810 region_rec_diffs(3,172)
811 region_rec_diffs(3,173)
812 region_rec_diffs(3,174)
813 region_rec_diffs(3,175)
814 region_rec_diffs(3,176)
815 region_rec_diffs(3,177)
816 region_rec_diffs(3,178)
817 region_rec_diffs(3,179)
818 region_rec_diffs(3,180)
819 region_rec_diffs(3,181)
820 region_rec_diffs(3,182)
821 region_rec_diffs(3,183)
822 region_rec_diffs(3,184)
823 region_rec_diffs(3,185)
824 region_rec_diffs(3,186)
825 region_rec_diffs(3,187)
826 region_rec_diffs(3,188)
827 region_rec_diffs(3,189)
828 region_rec_diffs(3,190)
829 region_rec_diffs(3,191)
830 region_rec_diffs(3,192)
831 region_rec_diffs(3,193)
832 region_rec_diffs(3,194)
833 region_rec_diffs(3,195)
834 region_rec_diffs(3,196)
835 region_rec_diffs(3,197)
836 region_rec_diffs(3,198)
837 region_rec_diffs(3,199)
838 region_rec_diffs(3,200)
839 region_rec_diffs(3,201)
840 region_rec_diffs(3,202)
841 region_rec_diffs(3,203)
842 region_rec_diffs(3,204)
843 region_rec_diffs(3,205)
844 region_rec_diffs(3,206)
845 region_rec_diffs(3,207)
846 region_rec_diffs(3,208)
847 region_rec_diffs(3,209)
848 region_rec_diffs(3,210)
849 region_rec_diffs(3,211)
850 region_rec_diffs(3,212)
851 region_rec_diffs(3,213)
852 region_rec_diffs(3,214)
853 region_rec_diffs(3,215)
854 region_rec_diffs(3,216)
855 region_rec_diffs(3,217)
856 region_rec_diffs(3,218)
857 region_rec_diffs(3,219)
858 region_rec_diffs(3,220)
859 region_rec_diffs(3,221)
860 region_rec_diffs(3,222)
861 region_rec_diffs(3,223)
862 region_rec_diffs(3,224)
863 region_rec_diffs(3,225)
864 region_rec_diffs(3,226)
865 region_rec_diffs(3,227)
866 region_rec_diffs(3,228)
867 region_rec_diffs(3,229)
868 region_rec_diffs(3,230)
869 region_rec_diffs(3,231)
870 region_rec_diffs(3,232)
871 region_rec_diffs(3,233)
872 region_rec_diffs(3,234)
873 region_rec_diffs(3,235)
874 region_rec_diffs(3,236)
875 region_rec_diffs(3,237)
876 region_rec_diffs(3,238)
877 region_rec_diffs(3,239)
878 region_rec_diffs(3,240)
879 region_rec_diffs(3,241)
880 region_rec_diffs(3,242)
881 region_rec_diffs(3,243)
882 region_rec_diffs(3,244)
883 region_rec_diffs(3,245)
884 region_rec_diffs(3,246)
885 region_rec_diffs(3,247)
886 region_rec_diffs(3,248)
887 region_rec_diffs(3,249)
888 region_rec_diffs(3,250)
889 region_rec_diffs(3,251)
890 region_rec_diffs(3,252)
891 region_rec_diffs(3,253)
892 region_rec_diffs(3,254)
893 region_rec_diffs(3,255)
894 region_rec_diffs(3,256)
895 region_rec_diffs(3,257)
896 region_rec_diffs(3,258)
897 region_rec_diffs(3,259)
898 region_rec_diffs(3,260)
899 region_rec_diffs(3,261)
900 region_rec_diffs(3,262)
901 region_rec_diffs(3,263)
902 region_rec_diffs(3,264)
903 region_rec_diffs(3,265)
904 region_rec_diffs(3,266)
905 region_rec_diffs(3,267)
906 region_rec_diffs(3,268)
907 region_rec_diffs(3,269)
908 region_rec_diffs(3,270)
909 region_rec_diffs(3,271)
910 region_rec_diffs(3,272)
911 region_rec_diffs(3,273)
912 region_rec_diffs(3,274)
913 region_rec_diffs(3,275)
914 region_rec_diffs(3,276)
915 region_rec_diffs(3,277)
916 region_rec_diffs(3,278)
917 region_rec_diffs(3,279)
918 region_rec_diffs(3,280)
919 region_rec_diffs(3,281)
920 region_rec_diffs(3,282)
921 region_rec_diffs(3,283)
922 region_rec_diffs(3,284)
923 region_rec_diffs(3,285)
924 region_rec_diffs(3,286)
925 region_rec_diffs(3,287)
926 region_rec_diffs(3,288)
927 region_rec_diffs(3,289)
928 region_rec_diffs(3,290)
929 region_rec_diffs(3,291)
930 region_rec_diffs(4,1)
931 region_rec_diffs(4,2)
932 region_rec_diffs(4,3)
933 region_rec_diffs(4,4)
934 region_rec_diffs(4,5)
935 region_rec_diffs(4,6)
936 region_rec_diffs(4,7)
937 region_rec_diffs(4,8)
938 region_rec_diffs(4,9)
939 region_rec_diffs(4,10)
940 region_rec_diffs(4,11)
941 region_rec_diffs(4,12)
942 region_rec_diffs(4,13)
943 region_rec_diffs(4,14)
944 region_rec_diffs(4,15)
945 region_rec_diffs(4,16)
946 region_rec_diffs(4,17)
947 region_rec_diffs(4,18)
948 region_rec_diffs(4,19)
949 region_rec_diffs(4,20)
950 region_rec_diffs(4,21)
951 region_rec_diffs(4,22)
952 region_rec_diffs(4,23)
953 region_rec_diffs(4,24)
954 region_rec_diffs(4,25)
955 region_rec_diffs(4,26)
956 region_rec_diffs(4,27)
957 region_rec_diffs(4,28)
958 region_rec_diffs(4,29)
959 region_rec_diffs(4,30)
960 region_rec_diffs(4,31)
961 region_rec_diffs(4,32)
962 region_rec_diffs(4,33)
963 region_rec_diffs(4,34)
964 region_rec_diffs(4,35)
965 region_rec_diffs(4,36)
966 region_rec_diffs(4,37)
967 region_rec_diffs(4,38)
968 region_rec_diffs(4,39)
969 region_rec_diffs(4,40)
970 region_rec_diffs(4,41)
971 region_rec_diffs(4,42)
972 region_rec_diffs(4,43)
973 region_rec_diffs(4,44)
974 region_rec_diffs(4,45)
975 region_rec_diffs(4,46)
976 region_rec_diffs(4,47)
977 region_rec_diffs(4,48)
978 region_rec_diffs(4,49)
979 region_rec_diffs(4,50)
980 region_rec_diffs(4,51)
981 region_rec_diffs(4,52)
982 region_rec_diffs(4,53)
983 region_rec_diffs(4,54)
984 region_rec_diffs(4,55)
985 region_rec_diffs(4,56)
986 region_rec_diffs(4,57)
987 region_rec_diffs(4,58)
988 region_rec_diffs(4,59)
989 region_rec_diffs(4,60)
990 region_rec_diffs(4,61)
991 region_rec_diffs(4,62)
992 region_rec_diffs(4,63)
993 region_rec_diffs(4,64)
994 region_rec_diffs(4,65)
995 region_rec_diffs(4,66)
996 region_rec_diffs(4,67)
997 region_rec_diffs(4,68)
998 region_rec_diffs(4,69)
999 region_rec_diffs(4,70)
1000 region_rec_diffs(4,71)
1001 region_rec_diffs(4,72)
1002 region_rec_diffs(4,73)
1003 region_rec_diffs(4,74)
1004 region_rec_diffs(4,75)
1005 region_rec_diffs(4,76)
1006 region_rec_diffs(4,77)
1007 region_rec_diffs(4,78)
1008 region_rec_diffs(4,79)
1009 region_rec_diffs(4,80)
1010 region_rec_diffs(4,81)
1011 region_rec_diffs(4,82)
1012 region_rec_diffs(4,83)
1013 region_rec_diffs(4,84)
1014 region_rec_diffs(4,85)
1015 region_rec_diffs(4,86)
1016 region_rec_diffs(4,87)
1017 region_rec_diffs(4,88)
1018 region_rec_diffs(4,89)
1019 region_rec_diffs(4,90)
1020 region_rec_diffs(4,91)
1021 region_rec_diffs(4,92)
1022 region_rec_diffs(4,93)
1023 region_rec_diffs(4,94)
1024 region_rec_diffs(4,95)
1025 region_rec_diffs(4,96)
1026 region_rec_diffs(4,97)
1027 region_rec_diffs(4,98)
1028 region_rec_diffs(4,99)
1029 region_rec_diffs(4,100)
1030 region_rec_diffs(4,101)
1031 region_rec_diffs(4,102)
1032 region_rec_diffs(4,103)
1033 region_rec_diffs(4,104)
1034 region_rec_diffs(4,105)
1035 region_rec_diffs(4,106)
1036 region_rec_diffs(4,107)
1037 region_rec_diffs(4,108)
1038 region_rec_diffs(4,109)
1039 region_rec_diffs(4,110)
1040 region_rec_diffs(4,111)
1041 region_rec_diffs(4,112)
1042 region_rec_diffs(4,113)
1043 region_rec_diffs(4,114)
1044 region_rec_diffs(4,115)
1045 region_rec_diffs(4,116)
1046 region_rec_diffs(4,117)
1047 region_rec_diffs(4,118)
1048 region_rec_diffs(4,119)
1049 region_rec_diffs(4,120)
1050 region_rec_diffs(4,121)
1051 region_rec_diffs(4,122)
1052 region_rec_diffs(4,123)
1053 region_rec_diffs(4,124)
1054 region_rec_diffs(4,125)
1055 region_rec_diffs(4,126)
1056 region_rec_diffs(4,127)
1057 region_rec_diffs(4,128)
1058 region_rec_diffs(4,129)
1059 region_rec_diffs(4,130)
1060 region_rec_diffs(4,131)
1061 region_rec_diffs(4,132)
1062 region_rec_diffs(4,133)
1063 region_rec_diffs(4,134)
1064 region_rec_diffs(4,135)
1065 region_rec_diffs(4,136)
1066 region_rec_diffs(4,137)
1067 region_rec_diffs(4,138)
1068 region_rec_diffs(4,139)
1069 region_rec_diffs(4,140)
1070 region_rec_diffs(4,141)
1071 region_rec_diffs(4,142)
1072 region_rec_diffs(4,143)
1073 region_rec_diffs(4,144)
1074 region_rec_diffs(4,145)
1075 region_rec_diffs(4,146)
1076 region_rec_diffs(4,147)
1077 region_rec_diffs(4,148)
1078 region_rec_diffs(4,149)
1079 region_rec_diffs(4,150)
1080 region_rec_diffs(4,151)
1081 region_rec_diffs(4,152)
1082 region_rec_diffs(4,153)
1083 region_rec_diffs(4,154)
1084 region_rec_diffs(4,155)
1085 region_rec_diffs(4,156)
1086 region_rec_diffs(4,157)
1087 region_rec_diffs(4,158)
1088 region_rec_diffs(4,159)
1089 region_rec_diffs(4,160)
1090 region_rec_diffs(4,161)
1091 region_rec_diffs(4,162)
1092 region_rec_diffs(4,163)
1093 region_rec_diffs(4,164)
1094 region_rec_diffs(4,165)
1095 region_rec_diffs(4,166)
1096 region_rec_diffs(4,167)
1097 region_rec_diffs(4,168)
1098 region_rec_diffs(4,169)
1099 region_rec_diffs(4,170)
1100 region_rec_diffs(4,171)
1101 region_rec_diffs(4,172)
1102 region_rec_diffs(4,173)
1103 region_rec_diffs(4,174)
1104 region_rec_diffs(4,175)
1105 region_rec_diffs(4,176)
1106 region_rec_diffs(4,177)
1107 region_rec_diffs(4,178)
1108 region_rec_diffs(4,179)
1109 region_rec_diffs(4,180)
1110 region_rec_diffs(4,181)
1111 region_rec_diffs(4,182)
1112 region_rec_diffs(4,183)
1113 region_rec_diffs(4,184)
1114 region_rec_diffs(4,185)
1115 region_rec_diffs(4,186)
1116 region_rec_diffs(4,187)
1117 region_rec_diffs(4,188)
1118 region_rec_diffs(4,189)
1119 region_rec_diffs(4,190)
1120 region_rec_diffs(4,191)
1121 region_rec_diffs(4,192)
1122 region_rec_diffs(4,193)
1123 region_rec_diffs(4,194)
1124 region_rec_diffs(4,195)
1125 region_rec_diffs(4,196)
1126 region_rec_diffs(4,197)
1127 region_rec_diffs(4,198)
1128 region_rec_diffs(4,199)
1129 region_rec_diffs(4,200)
1130 region_rec_diffs(4,201)
1131 region_rec_diffs(4,202)
1132 region_rec_diffs(4,203)
1133 region_rec_diffs(4,204)
1134 region_rec_diffs(4,205)
1135 region_rec_diffs(4,206)
1136 region_rec_diffs(4,207)
1137 region_rec_diffs(4,208)
1138 region_rec_diffs(4,209)
1139 region_rec_diffs(4,210)
1140 region_rec_diffs(4,211)
1141 region_rec_diffs(4,212)
1142 region_rec_diffs(4,213)
1143 region_rec_diffs(4,214)
1144 region_rec_diffs(4,215)
1145 region_rec_diffs(4,216)
1146 region_rec_diffs(4,217)
1147 region_rec_diffs(4,218)
1148 region_rec_diffs(4,219)
1149 region_rec_diffs(4,220)
1150 region_rec_diffs(4,221)
1151 region_rec_diffs(4,222)
1152 region_rec_diffs(4,223)
1153 region_rec_diffs(4,224)
1154 region_rec_diffs(4,225)
1155 region_rec_diffs(4,226)
1156 region_rec_diffs(4,227)
1157 region_rec_diffs(4,228)
1158 region_rec_diffs(4,229)
1159 region_rec_diffs(4,230)
1160 region_rec_diffs(4,231)
1161 region_rec_diffs(4,232)
1162 region_rec_diffs(4,233)
1163 region_rec_diffs(4,234)
1164 region_rec_diffs(4,235)
1165 region_rec_diffs(4,236)
1166 region_rec_diffs(4,237)
1167 region_rec_diffs(4,238)
1168 region_rec_diffs(4,239)
1169 region_rec_diffs(4,240)
1170 region_rec_diffs(4,241)
1171 region_rec_diffs(4,242)
1172 region_rec_diffs(4,243)
1173 region_rec_diffs(4,244)
1174 region_rec_diffs(4,245)
1175 region_rec_diffs(4,246)
1176 region_rec_diffs(4,247)
1177 region_rec_diffs(4,248)
1178 region_rec_diffs(4,249)
1179 region_rec_diffs(4,250)
1180 region_rec_diffs(4,251)
1181 region_rec_diffs(4,252)
1182 region_rec_diffs(4,253)
1183 region_rec_diffs(4,254)
1184 region_rec_diffs(4,255)
1185 region_rec_diffs(4,256)
1186 region_rec_diffs(4,257)
1187 region_rec_diffs(4,258)
1188 region_rec_diffs(4,259)
1189 region_rec_diffs(4,260)
1190 region_rec_diffs(4,261)
1191 region_rec_diffs(4,262)
1192 region_rec_diffs(4,263)
1193 region_rec_diffs(4,264)
1194 region_rec_diffs(4,265)
1195 region_rec_diffs(4,266)
1196 region_rec_diffs(4,267)
1197 region_rec_diffs(4,268)
1198 region_rec_diffs(4,269)
1199 region_rec_diffs(4,270)
1200 region_rec_diffs(4,271)
1201 region_rec_diffs(4,272)
1202 region_rec_diffs(4,273)
1203 region_rec_diffs(4,274)
1204 region_rec_diffs(4,275)
1205 region_rec_diffs(4,276)
1206 region_rec_diffs(4,277)
1207 region_rec_diffs(4,278)
1208 region_rec_diffs(4,279)
1209 region_rec_diffs(4,280)
1210 region_rec_diffs(4,281)
1211 region_rec_diffs(4,282)
1212 region_rec_diffs(4,283)
1213 region_rec_diffs(4,284)
1214 region_rec_diffs(4,285)
1215 region_rec_diffs(4,286)
1216 region_rec_diffs(4,287)
1217 region_rec_diffs(4,288)
1218 region_rec_diffs(4,289)
1219 region_rec_diffs(4,290)
1220 region_rec_diffs(4,291)
1221 region_rec_diffs(5,1)
1222 region_rec_diffs(5,2)
1223 region_rec_diffs(5,3)
1224 region_rec_diffs(5,4)
1225 region_rec_diffs(5,5)
1226 region_rec_diffs(5,6)
1227 region_rec_diffs(5,7)
1228 region_rec_diffs(5,8)
1229 region_rec_diffs(5,9)
1230 region_rec_diffs(5,10)
1231 region_rec_diffs(5,11)
1232 region_rec_diffs(5,12)
1233 region_rec_diffs(5,13)
1234 region_rec_diffs(5,14)
1235 region_rec_diffs(5,15)
1236 region_rec_diffs(5,16)
1237 region_rec_diffs(5,17)
1238 region_rec_diffs(5,18)
1239 region_rec_diffs(5,19)
1240 region_rec_diffs(5,20)
1241 region_rec_diffs(5,21)
1242 region_rec_diffs(5,22)
1243 region_rec_diffs(5,23)
1244 region_rec_diffs(5,24)
1245 region_rec_diffs(5,25)
1246 region_rec_diffs(5,26)
1247 region_rec_diffs(5,27)
1248 region_rec_diffs(5,28)
1249 region_rec_diffs(5,29)
1250 region_rec_diffs(5,30)
1251 region_rec_diffs(5,31)
1252 region_rec_diffs(5,32)
1253 region_rec_diffs(5,33)
1254 region_rec_diffs(5,34)
1255 region_rec_diffs(5,35)
1256 region_rec_diffs(5,36)
1257 region_rec_diffs(5,37)
1258 region_rec_diffs(5,38)
1259 region_rec_diffs(5,39)
1260 region_rec_diffs(5,40)
1261 region_rec_diffs(5,41)
1262 region_rec_diffs(5,42)
1263 region_rec_diffs(5,43)
1264 region_rec_diffs(5,44)
1265 region_rec_diffs(5,45)
1266 region_rec_diffs(5,46)
1267 region_rec_diffs(5,47)
1268 region_rec_diffs(5,48)
1269 region_rec_diffs(5,49)
1270 region_rec_diffs(5,50)
1271 region_rec_diffs(5,51)
1272 region_rec_diffs(5,52)
1273 region_rec_diffs(5,53)
1274 region_rec_diffs(5,54)
1275 region_rec_diffs(5,55)
1276 region_rec_diffs(5,56)
1277 region_rec_diffs(5,57)
1278 region_rec_diffs(5,58)
1279 region_rec_diffs(5,59)
1280 region_rec_diffs(5,60)
1281 region_rec_diffs(5,61)
1282 region_rec_diffs(5,62)
1283 region_rec_diffs(5,63)
1284 region_rec_diffs(5,64)
1285 region_rec_diffs(5,65)
1286 region_rec_diffs(5,66)
1287 region_rec_diffs(5,67)
1288 region_rec_diffs(5,68)
1289 region_rec_diffs(5,69)
1290 region_rec_diffs(5,70)
1291 region_rec_diffs(5,71)
1292 region_rec_diffs(5,72)
1293 region_rec_diffs(5,73)
1294 region_rec_diffs(5,74)
1295 region_rec_diffs(5,75)
1296 region_rec_diffs(5,76)
1297 region_rec_diffs(5,77)
1298 region_rec_diffs(5,78)
1299 region_rec_diffs(5,79)
1300 region_rec_diffs(5,80)
1301 region_rec_diffs(5,81)
1302 region_rec_diffs(5,82)
1303 region_rec_diffs(5,83)
1304 region_rec_diffs(5,84)
1305 region_rec_diffs(5,85)
1306 region_rec_diffs(5,86)
1307 region_rec_diffs(5,87)
1308 region_rec_diffs(5,88)
1309 region_rec_diffs(5,89)
1310 region_rec_diffs(5,90)
1311 region_rec_diffs(5,91)
1312 region_rec_diffs(5,92)
1313 region_rec_diffs(5,93)
1314 region_rec_diffs(5,94)
1315 region_rec_diffs(5,95)
1316 region_rec_diffs(5,96)
1317 region_rec_diffs(5,97)
1318 region_rec_diffs(5,98)
1319 region_rec_diffs(5,99)
1320 region_rec_diffs(5,100)
1321 region_rec_diffs(5,101)
1322 region_rec_diffs(5,102)
1323 region_rec_diffs(5,103)
1324 region_rec_diffs(5,104)
1325 region_rec_diffs(5,105)
1326 region_rec_diffs(5,106)
1327 region_rec_diffs(5,107)
1328 region_rec_diffs(5,108)
1329 region_rec_diffs(5,109)
1330 region_rec_diffs(5,110)
1331 region_rec_diffs(5,111)
1332 region_rec_diffs(5,112)
1333 region_rec_diffs(5,113)
1334 region_rec_diffs(5,114)
1335 region_rec_diffs(5,115)
1336 region_rec_diffs(5,116)
1337 region_rec_diffs(5,117)
1338 region_rec_diffs(5,118)
1339 region_rec_diffs(5,119)
1340 region_rec_diffs(5,120)
1341 region_rec_diffs(5,121)
1342 region_rec_diffs(5,122)
1343 region_rec_diffs(5,123)
1344 region_rec_diffs(5,124)
1345 region_rec_diffs(5,125)
1346 region_rec_diffs(5,126)
1347 region_rec_diffs(5,127)
1348 region_rec_diffs(5,128)
1349 region_rec_diffs(5,129)
1350 region_rec_diffs(5,130)
1351 region_rec_diffs(5,131)
1352 region_rec_diffs(5,132)
1353 region_rec_diffs(5,133)
1354 region_rec_diffs(5,134)
1355 region_rec_diffs(5,135)
1356 region_rec_diffs(5,136)
1357 region_rec_diffs(5,137)
1358 region_rec_diffs(5,138)
1359 region_rec_diffs(5,139)
1360 region_rec_diffs(5,140)
1361 region_rec_diffs(5,141)
1362 region_rec_diffs(5,142)
1363 region_rec_diffs(5,143)
1364 region_rec_diffs(5,144)
1365 region_rec_diffs(5,145)
1366 region_rec_diffs(5,146)
1367 region_rec_diffs(5,147)
1368 region_rec_diffs(5,148)
1369 region_rec_diffs(5,149)
1370 region_rec_diffs(5,150)
1371 region_rec_diffs(5,151)
1372 region_rec_diffs(5,152)
1373 region_rec_diffs(5,153)
1374 region_rec_diffs(5,154)
1375 region_rec_diffs(5,155)
1376 region_rec_diffs(5,156)
1377 region_rec_diffs(5,157)
1378 region_rec_diffs(5,158)
1379 region_rec_diffs(5,159)
1380 region_rec_diffs(5,160)
1381 region_rec_diffs(5,161)
1382 region_rec_diffs(5,162)
1383 region_rec_diffs(5,163)
1384 region_rec_diffs(5,164)
1385 region_rec_diffs(5,165)
1386 region_rec_diffs(5,166)
1387 region_rec_diffs(5,167)
1388 region_rec_diffs(5,168)
1389 region_rec_diffs(5,169)
1390 region_rec_diffs(5,170)
1391 region_rec_diffs(5,171)
1392 region_rec_diffs(5,172)
1393 region_rec_diffs(5,173)
1394 region_rec_diffs(5,174)
1395 region_rec_diffs(5,175)
1396 region_rec_diffs(5,176)
1397 region_rec_diffs(5,177)
1398 region_rec_diffs(5,178)
1399 region_rec_diffs(5,179)
1400 region_rec_diffs(5,180)
1401 region_rec_diffs(5,181)
1402 region_rec_diffs(5,182)
1403 region_rec_diffs(5,183)
1404 region_rec_diffs(5,184)
1405 region_rec_diffs(5,185)
1406 region_rec_diffs(5,186)
1407 region_rec_diffs(5,187)
1408 region_rec_diffs(5,188)
1409 region_rec_diffs(5,189)
1410 region_rec_diffs(5,190)
1411 region_rec_diffs(5,191)
1412 region_rec_diffs(5,192)
1413 region_rec_diffs(5,193)
1414 region_rec_diffs(5,194)
1415 region_rec_diffs(5,195)
1416 region_rec_diffs(5,196)
1417 region_rec_diffs(5,197)
1418 region_rec_diffs(5,198)
1419 region_rec_diffs(5,199)
1420 region_rec_diffs(5,200)
1421 region_rec_diffs(5,201)
1422 region_rec_diffs(5,202)
1423 region_rec_diffs(5,203)
1424 region_rec_diffs(5,204)
1425 region_rec_diffs(5,205)
1426 region_rec_diffs(5,206)
1427 region_rec_diffs(5,207)
1428 region_rec_diffs(5,208)
1429 region_rec_diffs(5,209)
1430 region_rec_diffs(5,210)
1431 region_rec_diffs(5,211)
1432 region_rec_diffs(5,212)
1433 region_rec_diffs(5,213)
1434 region_rec_diffs(5,214)
1435 region_rec_diffs(5,215)
1436 region_rec_diffs(5,216)
1437 region_rec_diffs(5,217)
1438 region_rec_diffs(5,218)
1439 region_rec_diffs(5,219)
1440 region_rec_diffs(5,220)
1441 region_rec_diffs(5,221)
1442 region_rec_diffs(5,222)
1443 region_rec_diffs(5,223)
1444 region_rec_diffs(5,224)
1445 region_rec_diffs(5,225)
1446 region_rec_diffs(5,226)
1447 region_rec_diffs(5,227)
1448 region_rec_diffs(5,228)
1449 region_rec_diffs(5,229)
1450 region_rec_diffs(5,230)
1451 region_rec_diffs(5,231)
1452 region_rec_diffs(5,232)
1453 region_rec_diffs(5,233)
1454 region_rec_diffs(5,234)
1455 region_rec_diffs(5,235)
1456 region_rec_diffs(5,236)
1457 region_rec_diffs(5,237)
1458 region_rec_diffs(5,238)
1459 region_rec_diffs(5,239)
1460 region_rec_diffs(5,240)
1461 region_rec_diffs(5,241)
1462 region_rec_diffs(5,242)
1463 region_rec_diffs(5,243)
1464 region_rec_diffs(5,244)
1465 region_rec_diffs(5,245)
1466 region_rec_diffs(5,246)
1467 region_rec_diffs(5,247)
1468 region_rec_diffs(5,248)
1469 region_rec_diffs(5,249)
1470 region_rec_diffs(5,250)
1471 region_rec_diffs(5,251)
1472 region_rec_diffs(5,252)
1473 region_rec_diffs(5,253)
1474 region_rec_diffs(5,254)
1475 region_rec_diffs(5,255)
1476 region_rec_diffs(5,256)
1477 region_rec_diffs(5,257)
1478 region_rec_diffs(5,258)
1479 region_rec_diffs(5,259)
1480 region_rec_diffs(5,260)
1481 region_rec_diffs(5,261)
1482 region_rec_diffs(5,262)
1483 region_rec_diffs(5,263)
1484 region_rec_diffs(5,264)
1485 region_rec_diffs(5,265)
1486 region_rec_diffs(5,266)
1487 region_rec_diffs(5,267)
1488 region_rec_diffs(5,268)
1489 region_rec_diffs(5,269)
1490 region_rec_diffs(5,270)
1491 region_rec_diffs(5,271)
1492 region_rec_diffs(5,272)
1493 region_rec_diffs(5,273)
1494 region_rec_diffs(5,274)
1495 region_rec_diffs(5,275)
1496 region_rec_diffs(5,276)
1497 region_rec_diffs(5,277)
1498 region_rec_diffs(5,278)
1499 region_rec_diffs(5,279)
1500 region_rec_diffs(5,280)
1501 region_rec_diffs(5,281)
1502 region_rec_diffs(5,282)
1503 region_rec_diffs(5,283)
1504 region_rec_diffs(5,284)
1505 region_rec_diffs(5,285)
1506 region_rec_diffs(5,286)
1507 region_rec_diffs(5,287)
1508 region_rec_diffs(5,288)
1509 region_rec_diffs(5,289)
1510 region_rec_diffs(5,290)
1511 region_rec_diffs(5,291)
1512 bs_selcoff_gp:1(1,1,1,1)
1513 bs_selcoff_gp:1(1,1,1,2)
1514 bs_selcoff_gp:1(1,1,1,3)
1515 bs_selcoff_gp:1(1,1,1,4)
1516 bs_selcoff_gp:1(1,1,1,5)
1517 bs_selcoff_gp:2(2,1,1,1)
1518 bs_selcoff_gp:2(2,1,1,2)
1519 bs_selcoff_gp:2(2,1,1,3)
1520 bs_selcoff_gp:2(2,1,1,4)
1521 bs_selcoff_gp:2(2,1,1,5)
1522 bs_selcoff_gp:3(3,1,1,1)
1523 bs_selcoff_gp:3(3,1,1,2)
1524 bs_selcoff_gp:3(3,1,1,3)
1525 bs_selcoff_gp:3(3,1,1,4)
1526 bs_selcoff_gp:3(3,1,1,5)
1527 bs_selcoff_gp:4(4,1,1,1)
1528 bs_selcoff_gp:4(4,1,1,2)
1529 bs_selcoff_gp:4(4,1,1,3)
1530 bs_selcoff_gp:4(4,1,1,4)
1531 bs_selcoff_gp:4(4,1,1,5)
1532 bs_selcoff_gp:5(5,1,1,1)
1533 bs_selcoff_gp:5(5,1,1,2)
1534 bs_selcoff_gp:5(5,1,1,3)
1535 bs_selcoff_gp:5(5,1,1,4)
1536 bs_selcoff_gp:5(5,1,1,5)
1537 bs_selcoff_gp:6(6,1,1,1)
1538 bs_selcoff_gp:6(6,1,1,2)
1539 bs_selcoff_gp:6(6,1,1,3)
1540 bs_selcoff_gp:6(6,1,1,4)
1541 bs_selcoff_gp:6(6,1,1,5)
1542 bs_selcoff_gp:7(7,1,1,1)
1543 bs_selcoff_gp:7(7,1,1,2)
1544 bs_selcoff_gp:7(7,1,1,3)
1545 bs_selcoff_gp:7(7,1,1,4)
1546 bs_selcoff_gp:7(7,1,1,5)
1547 bs_selcoff_gp:8(8,1,1,1)
1548 bs_selcoff_gp:8(8,1,1,2)
1549 bs_selcoff_gp:8(8,1,1,3)
1550 bs_selcoff_gp:8(8,1,1,4)
1551 bs_selcoff_gp:8(8,1,1,5)
1552 bs_selcoff_gp:9(9,1,1,1)
1553 bs_selcoff_gp:9(9,1,1,2)
1554 bs_selcoff_gp:9(9,1,1,3)
1555 bs_selcoff_gp:9(9,1,1,4)
1556 bs_selcoff_gp:9(9,1,1,5)
1557 bs_selcoff_gp:10(10,1,1,1)
1558 bs_selcoff_gp:10(10,1,1,2)
1559 bs_selcoff_gp:10(10,1,1,3)
1560 bs_selcoff_gp:10(10,1,1,4)
1561 bs_selcoff_gp:10(10,1,1,5)
1562 bs_selcoff_gp:11(11,1,1,1)
1563 bs_selcoff_gp:11(11,1,1,2)
1564 bs_selcoff_gp:11(11,1,1,3)
1565 bs_selcoff_gp:11(11,1,1,4)
1566 bs_selcoff_gp:11(11,1,1,5)
1567 bs_selcoff_gp:12(12,1,1,1)
1568 bs_selcoff_gp:12(12,1,1,2)
1569 bs_selcoff_gp:12(12,1,1,3)
1570 bs_selcoff_gp:12(12,1,1,4)
1571 bs_selcoff_gp:12(12,1,1,5)
1572 bs_selcoff_gp:13(13,1,1,1)
1573 bs_selcoff_gp:13(13,1,1,2)
1574 bs_selcoff_gp:13(13,1,1,3)
1575 bs_selcoff_gp:13(13,1,1,4)
1576 bs_selcoff_gp:13(13,1,1,5)
1577 bs_selcoff_gp:14(14,1,1,1)
1578 bs_selcoff_gp:14(14,1,1,2)
1579 bs_selcoff_gp:14(14,1,1,3)
1580 bs_selcoff_gp:14(14,1,1,4)
1581 bs_selcoff_gp:14(14,1,1,5)
1582 bs_selcoff_gp:15(15,1,1,1)
1583 bs_selcoff_gp:15(15,1,1,2)
1584 bs_selcoff_gp:15(15,1,1,3)
1585 bs_selcoff_gp:15(15,1,1,4)
1586 bs_selcoff_gp:15(15,1,1,5)
1587 bs_selcoff_gp:16(16,1,1,1)
1588 bs_selcoff_gp:16(16,1,1,2)
1589 bs_selcoff_gp:16(16,1,1,3)
1590 bs_selcoff_gp:16(16,1,1,4)
1591 bs_selcoff_gp:16(16,1,1,5)
1592 bs_selcoff_gp:17(17,1,1,1)
1593 bs_selcoff_gp:17(17,1,1,2)
1594 bs_selcoff_gp:17(17,1,1,3)
1595 bs_selcoff_gp:17(17,1,1,4)
1596 bs_selcoff_gp:17(17,1,1,5)
1597 bs_selcoff_gp:18(18,1,1,1)
1598 bs_selcoff_gp:18(18,1,1,2)
1599 bs_selcoff_gp:18(18,1,1,3)
1600 bs_selcoff_gp:18(18,1,1,4)
1601 bs_selcoff_gp:18(18,1,1,5)
1602 bs_selcoff_gp:19(19,1,1,1)
1603 bs_selcoff_gp:19(19,1,1,2)
1604 bs_selcoff_gp:19(19,1,1,3)
1605 bs_selcoff_gp:19(19,1,1,4)
1606 bs_selcoff_gp:19(19,1,1,5)
1607 bs_selcoff_gp:20(20,1,1,1)
1608 bs_selcoff_gp:20(20,1,1,2)
1609 bs_selcoff_gp:20(20,1,1,3)
1610 bs_selcoff_gp:20(20,1,1,4)
1611 bs_selcoff_gp:20(20,1,1,5)
1612 bs_selcoff_gp:21(21,1,1,1)
1613 bs_selcoff_gp:21(21,1,1,2)
1614 bs_selcoff_gp:21(21,1,1,3)
1615 bs_selcoff_gp:21(21,1,1,4)
1616 bs_selcoff_gp:21(21,1,1,5)
1617 bs_selcoff_gp:22(22,1,1,1)
1618 bs_selcoff_gp:22(22,1,1,2)
1619 bs_selcoff_gp:22(22,1,1,3)
1620 bs_selcoff_gp:22(22,1,1,4)
1621 bs_selcoff_gp:22(22,1,1,5)
1622 bs_selcoff_gp:23(23,1,1,1)
1623 bs_selcoff_gp:23(23,1,1,2)
1624 bs_selcoff_gp:23(23,1,1,3)
1625 bs_selcoff_gp:23(23,1,1,4)
1626 bs_selcoff_gp:23(23,1,1,5)
1627 bs_selcoff_gp:24(24,1,1,1)
1628 bs_selcoff_gp:24(24,1,1,2)
1629 bs_selcoff_gp:24(24,1,1,3)
1630 bs_selcoff_gp:24(24,1,1,4)
1631 bs_selcoff_gp:24(24,1,1,5)
1632 bs_selcoff_gp:25(25,1,1,1)
1633 bs_selcoff_gp:25(25,1,1,2)
1634 bs_selcoff_gp:25(25,1,1,3)
1635 bs_selcoff_gp:25(25,1,1,4)
1636 bs_selcoff_gp:25(25,1,1,5)
1637 bs_selcoff_gp:25(25,1,1,6)
1638 bs_selcoff_gp:25(25,1,1,7)
1639 bs_selcoff_gp:26(26,1,1,1)
1640 bs_selcoff_gp:26(26,1,1,2)
1641 bs_selcoff_gp:26(26,1,1,3)
1642 bs_selcoff_gp:26(26,1,1,4)
1643 bs_selcoff_gp:26(26,1,1,5)
1644 bs_selcoff_gp:26(26,1,1,6)
1645 bs_selcoff_gp:26(26,1,1,7)
1646 bs_selcoff_gp:27(27,1,1,1)
1647 bs_selcoff_gp:27(27,1,1,2)
1648 bs_selcoff_gp:27(27,1,1,3)
1649 bs_selcoff_gp:27(27,1,1,4)
1650 bs_selcoff_gp:27(27,1,1,5)
1651 bs_selcoff_gp:28(28,1,1,1)
1652 bs_selcoff_gp:28(28,1,1,2)
1653 bs_selcoff_gp:28(28,1,1,3)
1654 bs_selcoff_gp:28(28,1,1,4)
1655 bs_selcoff_gp:28(28,1,1,5)
1656 bs_selcoff_gp:29(29,1,1,1)
1657 bs_selcoff_gp:29(29,1,1,2)
1658 bs_selcoff_gp:29(29,1,1,3)
1659 bs_selcoff_gp:29(29,1,1,4)
1660 bs_selcoff_gp:29(29,1,1,5)
1661 bs_selcoff_gp:30(30,1,1,1)
1662 bs_selcoff_gp:30(30,1,1,2)
1663 bs_selcoff_gp:30(30,1,1,3)
1664 bs_selcoff_gp:30(30,1,1,4)
1665 bs_selcoff_gp:30(30,1,1,5)
1666 bs_selcoff_gp:31(31,1,1,1)
1667 bs_selcoff_gp:31(31,1,1,2)
1668 bs_selcoff_gp:31(31,1,1,3)
1669 bs_selcoff_gp:31(31,1,1,4)
1670 bs_selcoff_gp:31(31,1,1,5)
1671 bs_selcoff_gp:32(32,1,1,1)
1672 bs_selcoff_gp:32(32,1,1,2)
1673 bs_selcoff_gp:32(32,1,1,3)
1674 bs_selcoff_gp:32(32,1,1,4)
1675 bs_selcoff_gp:32(32,1,1,5)
1676 bs_selcoff_gp:33(33,1,1,1)
1677 bs_selcoff_gp:33(33,1,1,2)
1678 bs_selcoff_gp:33(33,1,1,3)
1679 bs_selcoff_gp:33(33,1,1,4)
1680 bs_selcoff_gp:33(33,1,1,5)
1681 recr(2)
1682 recr(3)
1683 recr(4)
1684 recr(5)
1685 recr(6)
1686 recr(7)
1687 recr(8)
1688 recr(9)
1689 recr(10)
1690 recr(11)
1691 recr(12)
1692 recr(13)
1693 recr(14)
1694 recr(15)
1695 recr(16)
1696 recr(17)
1697 recr(18)
1698 recr(19)
1699 recr(20)
1700 recr(21)
1701 recr(22)
1702 recr(23)
1703 recr(24)
1704 recr(25)
1705 recr(26)
1706 recr(27)
1707 recr(28)
1708 recr(29)
1709 recr(30)
1710 recr(31)
1711 recr(32)
1712 recr(33)
1713 recr(34)
1714 recr(35)
1715 recr(36)
1716 recr(37)
1717 recr(38)
1718 recr(39)
1719 recr(40)
1720 recr(41)
1721 recr(42)
1722 recr(43)
1723 recr(44)
1724 recr(45)
1725 recr(46)
1726 recr(47)
1727 recr(48)
1728 recr(49)
1729 recr(50)
1730 recr(51)
1731 recr(52)
1732 recr(53)
1733 recr(54)
1734 recr(55)
1735 recr(56)
1736 recr(57)
1737 recr(58)
1738 recr(59)
1739 recr(60)
1740 recr(61)
1741 recr(62)
1742 recr(63)
1743 recr(64)
1744 recr(65)
1745 recr(66)
1746 recr(67)
1747 recr(68)
1748 recr(69)
1749 recr(70)
1750 recr(71)
1751 recr(72)
1752 recr(73)
1753 recr(74)
1754 recr(75)
1755 recr(76)
1756 recr(77)
1757 recr(78)
1758 recr(79)
1759 recr(80)
1760 recr(81)
1761 recr(82)
1762 recr(83)
1763 recr(84)
1764 recr(85)
1765 recr(86)
1766 recr(87)
1767 recr(88)
1768 recr(89)
1769 recr(90)
1770 recr(91)
1771 recr(92)
1772 recr(93)
1773 recr(94)
1774 recr(95)
1775 recr(96)
1776 recr(97)
1777 recr(98)
1778 recr(99)
1779 recr(100)
1780 recr(101)
1781 recr(102)
1782 recr(103)
1783 recr(104)
1784 recr(105)
1785 recr(106)
1786 recr(107)
1787 recr(108)
1788 recr(109)
1789 recr(110)
1790 recr(111)
1791 recr(112)
1792 recr(113)
1793 recr(114)
1794 recr(115)
1795 recr(116)
1796 recr(117)
1797 recr(118)
1798 recr(119)
1799 recr(120)
1800 recr(121)
1801 recr(122)
1802 recr(123)
1803 recr(124)
1804 recr(125)
1805 recr(126)
1806 recr(127)
1807 recr(128)
1808 recr(129)
1809 recr(130)
1810 recr(131)
1811 recr(132)
1812 recr(133)
1813 recr(134)
1814 recr(135)
1815 recr(136)
1816 recr(137)
1817 recr(138)
1818 recr(139)
1819 recr(140)
1820 recr(141)
1821 recr(142)
1822 recr(143)
1823 recr(144)
1824 recr(145)
1825 recr(146)
1826 recr(147)
1827 recr(148)
1828 recr(149)
1829 recr(150)
1830 recr(151)
1831 recr(152)
1832 recr(153)
1833 recr(154)
1834 recr(155)
1835 recr(156)
1836 recr(157)
1837 recr(158)
1838 recr(159)
1839 recr(160)
1840 recr(161)
1841 recr(162)
1842 recr(163)
1843 recr(164)
1844 recr(165)
1845 recr(166)
1846 recr(167)
1847 recr(168)
1848 recr(169)
1849 recr(170)
1850 recr(171)
1851 recr(172)
1852 recr(173)
1853 recr(174)
1854 recr(175)
1855 recr(176)
1856 recr(177)
1857 recr(178)
1858 recr(179)
1859 recr(180)
1860 recr(181)
1861 recr(182)
1862 recr(183)
1863 recr(184)
1864 recr(185)
1865 recr(186)
1866 recr(187)
1867 recr(188)
1868 recr(189)
1869 recr(190)
1870 recr(191)
1871 recr(192)
1872 recr(193)
1873 recr(194)
1874 recr(195)
1875 recr(196)
1876 recr(197)
1877 recr(198)
1878 recr(199)
1879 recr(200)
1880 recr(201)
1881 recr(202)
1882 recr(203)
1883 recr(204)
1884 recr(205)
1885 recr(206)
1886 recr(207)
1887 recr(208)
1888 recr(209)
1889 recr(210)
1890 recr(211)
1891 recr(212)
1892 recr(213)
1893 recr(214)
1894 recr(215)
1895 recr(216)
1896 recr(217)
1897 recr(218)
1898 recr(219)
1899 recr(220)
1900 recr(221)
1901 recr(222)
1902 recr(223)
1903 recr(224)
1904 recr(225)
1905 recr(226)
1906 recr(227)
1907 recr(228)
1908 recr(229)
1909 recr(230)
1910 recr(231)
1911 recr(232)
1912 recr(233)
1913 recr(234)
1914 recr(235)
1915 recr(236)
1916 recr(237)
1917 recr(238)
1918 recr(239)
1919 recr(240)
1920 recr(241)
1921 recr(242)
1922 recr(243)
1923 recr(244)
1924 recr(245)
1925 recr(246)
1926 recr(247)
1927 recr(248)
1928 recr(249)
1929 recr(250)
1930 recr(251)
1931 recr(252)
1932 recr(253)
1933 recr(254)
1934 recr(255)
1935 recr(256)
1936 recr(257)
1937 recr(258)
1938 recr(259)
1939 recr(260)
1940 recr(261)
1941 recr(262)
1942 recr(263)
1943 recr(264)
1944 recr(265)
1945 recr(266)
1946 recr(267)
1947 recr(268)
1948 recr(269)
1949 recr(270)
1950 recr(271)
1951 recr(272)
1952 recr(273)
1953 recr(274)
1954 recr(275)
1955 recr(276)
1956 recr(277)
1957 recr(278)
1958 recr(279)
1959 recr(280)
1960 recr(281)
1961 recr(282)
1962 recr(283)
1963 recr(284)
1964 recr(285)
1965 recr(286)
1966 totpop
1967 fish_pars(23)_length_dirichlet_mult_var_mult_covariate
1968 fish_pars(23)_length_dirichlet_mult_var_mult_covariate
1969 fish_pars(23)_length_dirichlet_mult_var_mult_covariate
1970 fish_pars(23)_length_dirichlet_mult_var_mult_covariate
1971 fish_pars(23)_length_dirichlet_mult_var_mult_covariate
1972 fish_pars(23)_length_dirichlet_mult_var_mult_covariate
1973 fish_pars(23)_length_dirichlet_mult_var_mult_covariate
1974 fish_pars(23)_length_dirichlet_mult_var_mult_covariate
1975 tag_fish_rep(1)
1976 tag_fish_rep(6)
1977 tag_fish_rep(7)
1978 tag_fish_rep(10)
1979 tag_fish_rep(13)
1980 tag_fish_rep(14)
1981 tag_fish_rep(17)
1982 tag_fish_rep(18)
1983 tag_fish_rep(19)
1984 tag_fish_rep(20)
1985 tag_fish_rep(23)
1986 tag_fish_rep(29)
1987 region_pars(1)
1988 region_pars(1)
1989 region_pars(1)
1990 region_pars(1)
1991 region_pars(1)
1992 sv(21)
1993 vb_coff(1)
1994 vb_coff(2)
1995 vb_coff(3)
1996 var_coff(1)
1997 var_coff(2)
