1  bs_selcoff_gp:1(1,1,1,1)
2  bs_selcoff_gp:1(1,1,1,2)
3  bs_selcoff_gp:1(1,1,1,3)
4  bs_selcoff_gp:1(1,1,1,4)
5  bs_selcoff_gp:1(1,1,1,5)
6  bs_selcoff_gp:2(2,1,1,1)
7  bs_selcoff_gp:2(2,1,1,2)
8  bs_selcoff_gp:2(2,1,1,3)
9  bs_selcoff_gp:2(2,1,1,4)
10  bs_selcoff_gp:2(2,1,1,5)
11  bs_selcoff_gp:3(3,1,1,1)
12  bs_selcoff_gp:3(3,1,1,2)
13  bs_selcoff_gp:3(3,1,1,3)
14  bs_selcoff_gp:3(3,1,1,4)
15  bs_selcoff_gp:3(3,1,1,5)
16  bs_selcoff_gp:4(4,1,1,1)
17  bs_selcoff_gp:4(4,1,1,2)
18  bs_selcoff_gp:4(4,1,1,3)
19  bs_selcoff_gp:4(4,1,1,4)
20  bs_selcoff_gp:4(4,1,1,5)
21  bs_selcoff_gp:5(5,1,1,1)
22  bs_selcoff_gp:5(5,1,1,2)
23  bs_selcoff_gp:5(5,1,1,3)
24  bs_selcoff_gp:5(5,1,1,4)
25  bs_selcoff_gp:5(5,1,1,5)
26  bs_selcoff_gp:6(6,1,1,1)
27  bs_selcoff_gp:6(6,1,1,2)
28  bs_selcoff_gp:6(6,1,1,3)
29  bs_selcoff_gp:6(6,1,1,4)
30  bs_selcoff_gp:6(6,1,1,5)
31  bs_selcoff_gp:7(7,1,1,1)
32  bs_selcoff_gp:7(7,1,1,2)
33  bs_selcoff_gp:7(7,1,1,3)
34  bs_selcoff_gp:7(7,1,1,4)
35  bs_selcoff_gp:7(7,1,1,5)
36  bs_selcoff_gp:8(8,1,1,1)
37  bs_selcoff_gp:8(8,1,1,2)
38  bs_selcoff_gp:8(8,1,1,3)
39  bs_selcoff_gp:8(8,1,1,4)
40  bs_selcoff_gp:8(8,1,1,5)
41  bs_selcoff_gp:9(9,1,1,1)
42  bs_selcoff_gp:9(9,1,1,2)
43  bs_selcoff_gp:9(9,1,1,3)
44  bs_selcoff_gp:9(9,1,1,4)
45  bs_selcoff_gp:9(9,1,1,5)
46  bs_selcoff_gp:10(10,1,1,1)
47  bs_selcoff_gp:10(10,1,1,2)
48  bs_selcoff_gp:10(10,1,1,3)
49  bs_selcoff_gp:10(10,1,1,4)
50  bs_selcoff_gp:10(10,1,1,5)
51  bs_selcoff_gp:11(11,1,1,1)
52  bs_selcoff_gp:11(11,1,1,2)
53  bs_selcoff_gp:11(11,1,1,3)
54  bs_selcoff_gp:11(11,1,1,4)
55  bs_selcoff_gp:11(11,1,1,5)
56  bs_selcoff_gp:12(12,1,1,1)
57  bs_selcoff_gp:12(12,1,1,2)
58  bs_selcoff_gp:12(12,1,1,3)
59  bs_selcoff_gp:12(12,1,1,4)
60  bs_selcoff_gp:12(12,1,1,5)
61  bs_selcoff_gp:13(13,1,1,1)
62  bs_selcoff_gp:13(13,1,1,2)
63  bs_selcoff_gp:13(13,1,1,3)
64  bs_selcoff_gp:13(13,1,1,4)
65  bs_selcoff_gp:13(13,1,1,5)
66  bs_selcoff_gp:14(14,1,1,1)
67  bs_selcoff_gp:14(14,1,1,2)
68  bs_selcoff_gp:14(14,1,1,3)
69  bs_selcoff_gp:14(14,1,1,4)
70  bs_selcoff_gp:14(14,1,1,5)
71  bs_selcoff_gp:15(15,1,1,1)
72  bs_selcoff_gp:15(15,1,1,2)
73  bs_selcoff_gp:15(15,1,1,3)
74  bs_selcoff_gp:15(15,1,1,4)
75  bs_selcoff_gp:15(15,1,1,5)
76  bs_selcoff_gp:16(16,1,1,1)
77  bs_selcoff_gp:16(16,1,1,2)
78  bs_selcoff_gp:16(16,1,1,3)
79  bs_selcoff_gp:16(16,1,1,4)
80  bs_selcoff_gp:16(16,1,1,5)
81  bs_selcoff_gp:17(17,1,1,1)
82  bs_selcoff_gp:17(17,1,1,2)
83  bs_selcoff_gp:17(17,1,1,3)
84  bs_selcoff_gp:17(17,1,1,4)
85  bs_selcoff_gp:17(17,1,1,5)
86  bs_selcoff_gp:18(18,1,1,1)
87  bs_selcoff_gp:18(18,1,1,2)
88  bs_selcoff_gp:18(18,1,1,3)
89  bs_selcoff_gp:18(18,1,1,4)
90  bs_selcoff_gp:18(18,1,1,5)
91  bs_selcoff_gp:19(19,1,1,1)
92  bs_selcoff_gp:19(19,1,1,2)
93  bs_selcoff_gp:19(19,1,1,3)
94  bs_selcoff_gp:19(19,1,1,4)
95  bs_selcoff_gp:19(19,1,1,5)
96  bs_selcoff_gp:20(20,1,1,1)
97  bs_selcoff_gp:20(20,1,1,2)
98  bs_selcoff_gp:20(20,1,1,3)
99  bs_selcoff_gp:20(20,1,1,4)
100  bs_selcoff_gp:20(20,1,1,5)
101  bs_selcoff_gp:21(21,1,1,1)
102  bs_selcoff_gp:21(21,1,1,2)
103  bs_selcoff_gp:21(21,1,1,3)
104  bs_selcoff_gp:21(21,1,1,4)
105  bs_selcoff_gp:21(21,1,1,5)
106  bs_selcoff_gp:22(22,1,1,1)
107  bs_selcoff_gp:22(22,1,1,2)
108  bs_selcoff_gp:22(22,1,1,3)
109  bs_selcoff_gp:22(22,1,1,4)
110  bs_selcoff_gp:22(22,1,1,5)
111  bs_selcoff_gp:23(23,1,1,1)
112  bs_selcoff_gp:23(23,1,1,2)
113  bs_selcoff_gp:23(23,1,1,3)
114  bs_selcoff_gp:23(23,1,1,4)
115  bs_selcoff_gp:23(23,1,1,5)
116  bs_selcoff_gp:24(24,1,1,1)
117  bs_selcoff_gp:24(24,1,1,2)
118  bs_selcoff_gp:24(24,1,1,3)
119  bs_selcoff_gp:24(24,1,1,4)
120  bs_selcoff_gp:24(24,1,1,5)
121  bs_selcoff_gp:25(25,1,1,1)
122  bs_selcoff_gp:25(25,1,1,2)
123  bs_selcoff_gp:25(25,1,1,3)
124  bs_selcoff_gp:25(25,1,1,4)
125  bs_selcoff_gp:25(25,1,1,5)
126  bs_selcoff_gp:25(25,1,1,6)
127  bs_selcoff_gp:25(25,1,1,7)
128  bs_selcoff_gp:26(26,1,1,1)
129  bs_selcoff_gp:26(26,1,1,2)
130  bs_selcoff_gp:26(26,1,1,3)
131  bs_selcoff_gp:26(26,1,1,4)
132  bs_selcoff_gp:26(26,1,1,5)
133  bs_selcoff_gp:26(26,1,1,6)
134  bs_selcoff_gp:26(26,1,1,7)
135  bs_selcoff_gp:27(27,1,1,1)
136  bs_selcoff_gp:27(27,1,1,2)
137  bs_selcoff_gp:27(27,1,1,3)
138  bs_selcoff_gp:27(27,1,1,4)
139  bs_selcoff_gp:27(27,1,1,5)
140  bs_selcoff_gp:28(28,1,1,1)
141  bs_selcoff_gp:28(28,1,1,2)
142  bs_selcoff_gp:28(28,1,1,3)
143  bs_selcoff_gp:28(28,1,1,4)
144  bs_selcoff_gp:28(28,1,1,5)
145  bs_selcoff_gp:29(29,1,1,1)
146  bs_selcoff_gp:29(29,1,1,2)
147  bs_selcoff_gp:29(29,1,1,3)
148  bs_selcoff_gp:29(29,1,1,4)
149  bs_selcoff_gp:29(29,1,1,5)
150  bs_selcoff_gp:30(30,1,1,1)
151  bs_selcoff_gp:30(30,1,1,2)
152  bs_selcoff_gp:30(30,1,1,3)
153  bs_selcoff_gp:30(30,1,1,4)
154  bs_selcoff_gp:30(30,1,1,5)
155  bs_selcoff_gp:31(31,1,1,1)
156  bs_selcoff_gp:31(31,1,1,2)
157  bs_selcoff_gp:31(31,1,1,3)
158  bs_selcoff_gp:31(31,1,1,4)
159  bs_selcoff_gp:31(31,1,1,5)
160  bs_selcoff_gp:32(32,1,1,1)
161  bs_selcoff_gp:32(32,1,1,2)
162  bs_selcoff_gp:32(32,1,1,3)
163  bs_selcoff_gp:32(32,1,1,4)
164  bs_selcoff_gp:32(32,1,1,5)
165  bs_selcoff_gp:33(33,1,1,1)
166  bs_selcoff_gp:33(33,1,1,2)
167  bs_selcoff_gp:33(33,1,1,3)
168  bs_selcoff_gp:33(33,1,1,4)
169  bs_selcoff_gp:33(33,1,1,5)
170  recr(2)
171  recr(3)
172  recr(4)
173  recr(5)
174  recr(6)
175  recr(7)
176  recr(8)
177  recr(9)
178  recr(10)
179  recr(11)
180  recr(12)
181  recr(13)
182  recr(14)
183  recr(15)
184  recr(16)
185  recr(17)
186  recr(18)
187  recr(19)
188  recr(20)
189  recr(21)
190  recr(22)
191  recr(23)
192  recr(24)
193  recr(25)
194  recr(26)
195  recr(27)
196  recr(28)
197  recr(29)
198  recr(30)
199  recr(31)
200  recr(32)
201  recr(33)
202  recr(34)
203  recr(35)
204  recr(36)
205  recr(37)
206  recr(38)
207  recr(39)
208  recr(40)
209  recr(41)
210  recr(42)
211  recr(43)
212  recr(44)
213  recr(45)
214  recr(46)
215  recr(47)
216  recr(48)
217  recr(49)
218  recr(50)
219  recr(51)
220  recr(52)
221  recr(53)
222  recr(54)
223  recr(55)
224  recr(56)
225  recr(57)
226  recr(58)
227  recr(59)
228  recr(60)
229  recr(61)
230  recr(62)
231  recr(63)
232  recr(64)
233  recr(65)
234  recr(66)
235  recr(67)
236  recr(68)
237  recr(69)
238  recr(70)
239  recr(71)
240  recr(72)
241  recr(73)
242  recr(74)
243  recr(75)
244  recr(76)
245  recr(77)
246  recr(78)
247  recr(79)
248  recr(80)
249  recr(81)
250  recr(82)
251  recr(83)
252  recr(84)
253  recr(85)
254  recr(86)
255  recr(87)
256  recr(88)
257  recr(89)
258  recr(90)
259  recr(91)
260  recr(92)
261  recr(93)
262  recr(94)
263  recr(95)
264  recr(96)
265  recr(97)
266  recr(98)
267  recr(99)
268  recr(100)
269  recr(101)
270  recr(102)
271  recr(103)
272  recr(104)
273  recr(105)
274  recr(106)
275  recr(107)
276  recr(108)
277  recr(109)
278  recr(110)
279  recr(111)
280  recr(112)
281  recr(113)
282  recr(114)
283  recr(115)
284  recr(116)
285  recr(117)
286  recr(118)
287  recr(119)
288  recr(120)
289  recr(121)
290  recr(122)
291  recr(123)
292  recr(124)
293  recr(125)
294  recr(126)
295  recr(127)
296  recr(128)
297  recr(129)
298  recr(130)
299  recr(131)
300  recr(132)
301  recr(133)
302  recr(134)
303  recr(135)
304  recr(136)
305  recr(137)
306  recr(138)
307  recr(139)
308  recr(140)
309  recr(141)
310  recr(142)
311  recr(143)
312  recr(144)
313  recr(145)
314  recr(146)
315  recr(147)
316  recr(148)
317  recr(149)
318  recr(150)
319  recr(151)
320  recr(152)
321  recr(153)
322  recr(154)
323  recr(155)
324  recr(156)
325  recr(157)
326  recr(158)
327  recr(159)
328  recr(160)
329  recr(161)
330  recr(162)
331  recr(163)
332  recr(164)
333  recr(165)
334  recr(166)
335  recr(167)
336  recr(168)
337  recr(169)
338  recr(170)
339  recr(171)
340  recr(172)
341  recr(173)
342  recr(174)
343  recr(175)
344  recr(176)
345  recr(177)
346  recr(178)
347  recr(179)
348  recr(180)
349  recr(181)
350  recr(182)
351  recr(183)
352  recr(184)
353  recr(185)
354  recr(186)
355  recr(187)
356  recr(188)
357  recr(189)
358  recr(190)
359  recr(191)
360  recr(192)
361  recr(193)
362  recr(194)
363  recr(195)
364  recr(196)
365  recr(197)
366  recr(198)
367  recr(199)
368  recr(200)
369  recr(201)
370  recr(202)
371  recr(203)
372  recr(204)
373  recr(205)
374  recr(206)
375  recr(207)
376  recr(208)
377  recr(209)
378  recr(210)
379  recr(211)
380  recr(212)
381  recr(213)
382  recr(214)
383  recr(215)
384  recr(216)
385  recr(217)
386  recr(218)
387  recr(219)
388  recr(220)
389  recr(221)
390  recr(222)
391  recr(223)
392  recr(224)
393  recr(225)
394  recr(226)
395  recr(227)
396  recr(228)
397  recr(229)
398  recr(230)
399  recr(231)
400  recr(232)
401  recr(233)
402  recr(234)
403  recr(235)
404  recr(236)
405  recr(237)
406  recr(238)
407  recr(239)
408  recr(240)
409  recr(241)
410  recr(242)
411  recr(243)
412  recr(244)
413  recr(245)
414  recr(246)
415  recr(247)
416  recr(248)
417  recr(249)
418  recr(250)
419  recr(251)
420  recr(252)
421  recr(253)
422  recr(254)
423  recr(255)
424  recr(256)
425  recr(257)
426  recr(258)
427  recr(259)
428  recr(260)
429  recr(261)
430  recr(262)
431  recr(263)
432  recr(264)
433  recr(265)
434  recr(266)
435  recr(267)
436  recr(268)
437  recr(269)
438  recr(270)
439  recr(271)
440  recr(272)
441  recr(273)
442  recr(274)
443  recr(275)
444  recr(276)
445  recr(277)
446  recr(278)
447  recr(279)
448  recr(280)
449  recr(281)
450  recr(282)
451  recr(283)
452  recr(284)
453  recr(285)
454  recr(286)
455  totpop
456  rec_init_diff
457  tag_fish_rep(1)
458  tag_fish_rep(6)
459  tag_fish_rep(7)
460  tag_fish_rep(10)
461  tag_fish_rep(13)
462  tag_fish_rep(14)
463  tag_fish_rep(17)
464  tag_fish_rep(18)
465  tag_fish_rep(19)
466  tag_fish_rep(20)
467  tag_fish_rep(23)
468  tag_fish_rep(29)
